Ruby Problem : https://mac.install.guide/ruby/13.html
